
> Codify LMS UI/UX Kit@0.1.0 build
> vite build

[36mvite v6.3.5 [32mbuilding for production...[36m[39m
transforming...
[32mΓ£ô[39m 28 modules transformed.
node.exe : [31mΓ£ù[39m Build failed in 253ms
At C:\Program Files\nodejs\npm.ps1:29 char:3
+   & $NODE_EXE $NPM_CLI_JS $args
+   ~~~~~~~~~~~~~~~~~~~~~~~~~~~~~
    + CategoryInfo          : NotSpecified: ([3 
   1mΓ£ù[39m Build failed in 253ms:String) [],  
   RemoteException
    + FullyQualifiedErrorId : NativeCommandError
 
[31merror during build:
[31m[vite:esbuild] Transform failed with 3 
errors:
C:/Users/talla/OneDrive/Desktop/lmsui/src/compone
nts/CoursesPage.tsx:1003:7: ERROR: The character 
"}" is not valid inside a JSX element
C:/Users/talla/OneDrive/Desktop/lmsui/src/compone
nts/CoursesPage.tsx:2410:0: ERROR: The character 
"}" is not valid inside a JSX element
C:/Users/talla/OneDrive/Desktop/lmsui/src/compone
nts/CoursesPage.tsx:2411:0: ERROR: Unexpected 
end of file before a closing "div" tag[31m
file: [36mC:/Users/talla/OneDrive/Desktop/lmsui/
src/components/CoursesPage.tsx:1003:7[31m
[33m
[33mThe character "}" is not valid inside a JSX 
element[33m
1001|                </Card>
1002|              </div>
1003|        )}
   |         ^
1004|  
1005|              {

[33mThe character "}" is not valid inside a JSX 
element[33m
2408|            </div >
2409|            );
2410|  }
   |  ^
2411|  

[33mUnexpected end of file before a closing 
"div" tag[33m
2409|            );
2410|  }
2411|  
   |  ^
[31m
    at failureErrorWithLog (C:\Users\talla\OneDri
ve\Desktop\lmsui\node_modules\esbuild\lib\main.js
:1467:15)
    at C:\Users\talla\OneDrive\Desktop\lmsui\node
_modules\esbuild\lib\main.js:736:50
    at responseCallbacks.<computed> (C:\Users\tal
la\OneDrive\Desktop\lmsui\node_modules\esbuild\li
b\main.js:603:9)
    at handleIncomingPacket (C:\Users\talla\OneDr
ive\Desktop\lmsui\node_modules\esbuild\lib\main.j
s:658:12)
    at Socket.readFromStdout (C:\Users\talla\OneD
rive\Desktop\lmsui\node_modules\esbuild\lib\main.
js:581:7)
    at Socket.emit (node:events:518:28)
    at addChunk 
(node:internal/streams/readable:561:12)
    at readableAddChunkPushByteMode 
(node:internal/streams/readable:512:3)
    at Readable.push 
(node:internal/streams/readable:392:5)
    at Pipe.onStreamRead 
(node:internal/stream_base_commons:189:23)[39m
